// Jest Snapshot v1, https://goo.gl/fbAQLP

exports[`Button component renders a button by default 1`] = `<button />`;

exports[`Button component renders a button with props 1`] = `
<button
  className="color"
>
  text
</button>
`;
